
> twitch_api@1.0.0 build
> npm run build:frontend && tsc


> twitch_api@1.0.0 build:frontend
> tsc -p tsconfig.frontend.json

frontend/app-dashboard.ts(28,31): error TS2339: Property 'Auth' does not exist on type '{ Common: { loading: string; error: (msg: string) => string; networkError: string; sessionExpiredMsg: string; errorLoadingUI: (msg: string) => string; viewBtn: string; saveBtn: string; cancelBtn: string; connectionError: string; }; }'.
frontend/app-dashboard.ts(69,31): error TS2339: Property 'Auth' does not exist on type '{ Common: { loading: string; error: (msg: string) => string; networkError: string; sessionExpiredMsg: string; errorLoadingUI: (msg: string) => string; viewBtn: string; saveBtn: string; cancelBtn: string; connectionError: string; }; }'.
